[2026-01-10 00:00:06] local.ERROR: Call to undefined function CREAte_funCTiOn() {"exception":"[object] (Error(code: 0): Call to undefined function CREAte_funCTiOn() at /Users/sumonahmed/Herd/onemartbd/app/Providers/RouteServiceProvider.php:107)
[stacktrace]
#0 /Users/sumonahmed/Herd/onemartbd/vendor/composer/ClassLoader.php(576): include()
#1 /Users/sumonahmed/Herd/onemartbd/vendor/composer/ClassLoader.php(427): Composer\\Autoload\\{closure}('/Users/sumonahm...')
#2 /Users/sumonahmed/Herd/onemartbd/vendor/laravel/framework/src/Illuminate/Foundation/Application.php(692): Composer\\Autoload\\ClassLoader->loadClass('App\\\\Providers\\\\R...')
#3 /Users/sumonahmed/Herd/onemartbd/vendor/laravel/framework/src/Illuminate/Foundation/Application.php(626): Illuminate\\Foundation\\Application->resolveProvider('App\\\\Providers\\\\R...')
#4 /Users/sumonahmed/Herd/onemartbd/vendor/laravel/framework/src/Illuminate/Foundation/ProviderRepository.php(75): Illuminate\\Foundation\\Application->register('App\\\\Providers\\\\R...')
#5 /Users/sumonahmed/Herd/onemartbd/vendor/laravel/framework/src/Illuminate/Foundation/Application.php(606): Illuminate\\Foundation\\ProviderRepository->load(Array)
#6 /Users/sumonahmed/Herd/onemartbd/vendor/laravel/framework/src/Illuminate/Foundation/Bootstrap/RegisterProviders.php(17): Illuminate\\Foundation\\Application->registerConfiguredProviders()
#7 /Users/sumonahmed/Herd/onemartbd/vendor/laravel/framework/src/Illuminate/Foundation/Application.php(230): Illuminate\\Foundation\\Bootstrap\\RegisterProviders->bootstrap(Object(Illuminate\\Foundation\\Application))
#8 /Users/sumonahmed/Herd/onemartbd/vendor/laravel/framework/src/Illuminate/Foundation/Console/Kernel.php(310): Illuminate\\Foundation\\Application->bootstrapWith(Array)
#9 /Users/sumonahmed/Herd/onemartbd/vendor/laravel/framework/src/Illuminate/Foundation/Console/Kernel.php(127): Illuminate\\Foundation\\Console\\Kernel->bootstrap()
#10 Command line code(1): Illuminate\\Foundation\\Console\\Kernel->handle(Object(Symfony\\Component\\Console\\Input\\ArgvInput), Object(Symfony\\Component\\Console\\Output\\ConsoleOutput))
#11 {main}
"} 
[2026-01-10 00:00:21] local.ERROR: Call to undefined function CREAte_funCTiOn() {"exception":"[object] (Error(code: 0): Call to undefined function CREAte_funCTiOn() at /Users/sumonahmed/Herd/onemartbd/app/Providers/RouteServiceProvider.php:107)
[stacktrace]
#0 /Users/sumonahmed/Herd/onemartbd/vendor/composer/ClassLoader.php(576): include()
#1 /Users/sumonahmed/Herd/onemartbd/vendor/composer/ClassLoader.php(427): Composer\\Autoload\\{closure}('/Users/sumonahm...')
#2 /Users/sumonahmed/Herd/onemartbd/vendor/laravel/framework/src/Illuminate/Foundation/Application.php(692): Composer\\Autoload\\ClassLoader->loadClass('App\\\\Providers\\\\R...')
#3 /Users/sumonahmed/Herd/onemartbd/vendor/laravel/framework/src/Illuminate/Foundation/Application.php(626): Illuminate\\Foundation\\Application->resolveProvider('App\\\\Providers\\\\R...')
#4 /Users/sumonahmed/Herd/onemartbd/vendor/laravel/framework/src/Illuminate/Foundation/ProviderRepository.php(75): Illuminate\\Foundation\\Application->register('App\\\\Providers\\\\R...')
#5 /Users/sumonahmed/Herd/onemartbd/vendor/laravel/framework/src/Illuminate/Foundation/Application.php(606): Illuminate\\Foundation\\ProviderRepository->load(Array)
#6 /Users/sumonahmed/Herd/onemartbd/vendor/laravel/framework/src/Illuminate/Foundation/Bootstrap/RegisterProviders.php(17): Illuminate\\Foundation\\Application->registerConfiguredProviders()
#7 /Users/sumonahmed/Herd/onemartbd/vendor/laravel/framework/src/Illuminate/Foundation/Application.php(230): Illuminate\\Foundation\\Bootstrap\\RegisterProviders->bootstrap(Object(Illuminate\\Foundation\\Application))
#8 /Users/sumonahmed/Herd/onemartbd/vendor/laravel/framework/src/Illuminate/Foundation/Console/Kernel.php(310): Illuminate\\Foundation\\Application->bootstrapWith(Array)
#9 /Users/sumonahmed/Herd/onemartbd/vendor/laravel/framework/src/Illuminate/Foundation/Console/Kernel.php(127): Illuminate\\Foundation\\Console\\Kernel->bootstrap()
#10 Command line code(1): Illuminate\\Foundation\\Console\\Kernel->handle(Object(Symfony\\Component\\Console\\Input\\ArgvInput), Object(Symfony\\Component\\Console\\Output\\ConsoleOutput))
#11 {main}
"} 
[2026-01-10 00:00:21] local.ERROR: Call to undefined function CREAte_funCTiOn() {"exception":"[object] (Error(code: 0): Call to undefined function CREAte_funCTiOn() at /Users/sumonahmed/Herd/onemartbd/app/Providers/RouteServiceProvider.php:107)
[stacktrace]
#0 /Users/sumonahmed/Herd/onemartbd/vendor/composer/ClassLoader.php(576): include()
#1 /Users/sumonahmed/Herd/onemartbd/vendor/composer/ClassLoader.php(427): Composer\\Autoload\\{closure}('/Users/sumonahm...')
#2 /Users/sumonahmed/Herd/onemartbd/vendor/laravel/framework/src/Illuminate/Foundation/Application.php(692): Composer\\Autoload\\ClassLoader->loadClass('App\\\\Providers\\\\R...')
#3 /Users/sumonahmed/Herd/onemartbd/vendor/laravel/framework/src/Illuminate/Foundation/Application.php(626): Illuminate\\Foundation\\Application->resolveProvider('App\\\\Providers\\\\R...')
#4 /Users/sumonahmed/Herd/onemartbd/vendor/laravel/framework/src/Illuminate/Foundation/ProviderRepository.php(75): Illuminate\\Foundation\\Application->register('App\\\\Providers\\\\R...')
#5 /Users/sumonahmed/Herd/onemartbd/vendor/laravel/framework/src/Illuminate/Foundation/Application.php(606): Illuminate\\Foundation\\ProviderRepository->load(Array)
#6 /Users/sumonahmed/Herd/onemartbd/vendor/laravel/framework/src/Illuminate/Foundation/Bootstrap/RegisterProviders.php(17): Illuminate\\Foundation\\Application->registerConfiguredProviders()
#7 /Users/sumonahmed/Herd/onemartbd/vendor/laravel/framework/src/Illuminate/Foundation/Application.php(230): Illuminate\\Foundation\\Bootstrap\\RegisterProviders->bootstrap(Object(Illuminate\\Foundation\\Application))
#8 /Users/sumonahmed/Herd/onemartbd/vendor/laravel/framework/src/Illuminate/Foundation/Console/Kernel.php(310): Illuminate\\Foundation\\Application->bootstrapWith(Array)
#9 /Users/sumonahmed/Herd/onemartbd/vendor/laravel/framework/src/Illuminate/Foundation/Console/Kernel.php(127): Illuminate\\Foundation\\Console\\Kernel->bootstrap()
#10 Command line code(1): Illuminate\\Foundation\\Console\\Kernel->handle(Object(Symfony\\Component\\Console\\Input\\ArgvInput), Object(Symfony\\Component\\Console\\Output\\ConsoleOutput))
#11 {main}
"} 
[2026-01-10 00:01:21] local.ERROR: Call to undefined function CREAte_funCTiOn() {"exception":"[object] (Error(code: 0): Call to undefined function CREAte_funCTiOn() at /Users/sumonahmed/Herd/onemartbd/routes/web.php:107)
[stacktrace]
#0 /Users/sumonahmed/Herd/onemartbd/vendor/laravel/framework/src/Illuminate/Routing/RouteFileRegistrar.php(35): require()
#1 /Users/sumonahmed/Herd/onemartbd/vendor/laravel/framework/src/Illuminate/Routing/Router.php(417): Illuminate\\Routing\\RouteFileRegistrar->register('/Users/sumonahm...')
#2 /Users/sumonahmed/Herd/onemartbd/vendor/laravel/framework/src/Illuminate/Routing/Router.php(374): Illuminate\\Routing\\Router->loadRoutes('/Users/sumonahm...')
#3 /Users/sumonahmed/Herd/onemartbd/vendor/laravel/framework/src/Illuminate/Routing/RouteRegistrar.php(135): Illuminate\\Routing\\Router->group(Array, '/Users/sumonahm...')
#4 /Users/sumonahmed/Herd/onemartbd/app/Providers/RouteServiceProvider.php(66): Illuminate\\Routing\\RouteRegistrar->group('/Users/sumonahm...')
#5 /Users/sumonahmed/Herd/onemartbd/app/Providers/RouteServiceProvider.php(50): App\\Providers\\RouteServiceProvider->mapWebRoutes()
#6 /Users/sumonahmed/Herd/onemartbd/vendor/laravel/framework/src/Illuminate/Container/BoundMethod.php(36): App\\Providers\\RouteServiceProvider->map()
#7 /Users/sumonahmed/Herd/onemartbd/vendor/laravel/framework/src/Illuminate/Container/Util.php(37): Illuminate\\Container\\BoundMethod::Illuminate\\Container\\{closure}()
#8 /Users/sumonahmed/Herd/onemartbd/vendor/laravel/framework/src/Illuminate/Container/BoundMethod.php(93): Illuminate\\Container\\Util::unwrapIfClosure(Object(Closure))
#9 /Users/sumonahmed/Herd/onemartbd/vendor/laravel/framework/src/Illuminate/Container/BoundMethod.php(37): Illuminate\\Container\\BoundMethod::callBoundMethod(Object(Illuminate\\Foundation\\Application), Array, Object(Closure))
#10 /Users/sumonahmed/Herd/onemartbd/vendor/laravel/framework/src/Illuminate/Container/Container.php(596): Illuminate\\Container\\BoundMethod::call(Object(Illuminate\\Foundation\\Application), Array, Array, NULL)
#11 /Users/sumonahmed/Herd/onemartbd/vendor/laravel/framework/src/Illuminate/Foundation/Support/Providers/RouteServiceProvider.php(87): Illuminate\\Container\\Container->call(Array)
#12 /Users/sumonahmed/Herd/onemartbd/vendor/laravel/framework/src/Illuminate/Foundation/Support/Providers/RouteServiceProvider.php(36): Illuminate\\Foundation\\Support\\Providers\\RouteServiceProvider->loadRoutes()
#13 /Users/sumonahmed/Herd/onemartbd/app/Providers/RouteServiceProvider.php(38): Illuminate\\Foundation\\Support\\Providers\\RouteServiceProvider->boot()
#14 /Users/sumonahmed/Herd/onemartbd/vendor/laravel/framework/src/Illuminate/Container/BoundMethod.php(36): App\\Providers\\RouteServiceProvider->boot()
#15 /Users/sumonahmed/Herd/onemartbd/vendor/laravel/framework/src/Illuminate/Container/Util.php(37): Illuminate\\Container\\BoundMethod::Illuminate\\Container\\{closure}()
#16 /Users/sumonahmed/Herd/onemartbd/vendor/laravel/framework/src/Illuminate/Container/BoundMethod.php(93): Illuminate\\Container\\Util::unwrapIfClosure(Object(Closure))
#17 /Users/sumonahmed/Herd/onemartbd/vendor/laravel/framework/src/Illuminate/Container/BoundMethod.php(37): Illuminate\\Container\\BoundMethod::callBoundMethod(Object(Illuminate\\Foundation\\Application), Array, Object(Closure))
#18 /Users/sumonahmed/Herd/onemartbd/vendor/laravel/framework/src/Illuminate/Container/Container.php(596): Illuminate\\Container\\BoundMethod::call(Object(Illuminate\\Foundation\\Application), Array, Array, NULL)
#19 /Users/sumonahmed/Herd/onemartbd/vendor/laravel/framework/src/Illuminate/Foundation/Application.php(869): Illuminate\\Container\\Container->call(Array)
#20 /Users/sumonahmed/Herd/onemartbd/vendor/laravel/framework/src/Illuminate/Foundation/Application.php(852): Illuminate\\Foundation\\Application->bootProvider(Object(App\\Providers\\RouteServiceProvider))
#21 [internal function]: Illuminate\\Foundation\\Application->Illuminate\\Foundation\\{closure}(Object(App\\Providers\\RouteServiceProvider), 31)
#22 /Users/sumonahmed/Herd/onemartbd/vendor/laravel/framework/src/Illuminate/Foundation/Application.php(853): array_walk(Array, Object(Closure))
#23 /Users/sumonahmed/Herd/onemartbd/vendor/laravel/framework/src/Illuminate/Foundation/Bootstrap/BootProviders.php(17): Illuminate\\Foundation\\Application->boot()
#24 /Users/sumonahmed/Herd/onemartbd/vendor/laravel/framework/src/Illuminate/Foundation/Application.php(230): Illuminate\\Foundation\\Bootstrap\\BootProviders->bootstrap(Object(Illuminate\\Foundation\\Application))
#25 /Users/sumonahmed/Herd/onemartbd/vendor/laravel/framework/src/Illuminate/Foundation/Console/Kernel.php(310): Illuminate\\Foundation\\Application->bootstrapWith(Array)
#26 /Users/sumonahmed/Herd/onemartbd/vendor/laravel/framework/src/Illuminate/Foundation/Console/Kernel.php(127): Illuminate\\Foundation\\Console\\Kernel->bootstrap()
#27 Command line code(1): Illuminate\\Foundation\\Console\\Kernel->handle(Object(Symfony\\Component\\Console\\Input\\ArgvInput), Object(Symfony\\Component\\Console\\Output\\ConsoleOutput))
#28 {main}
"} 
[2026-01-10 00:01:21] local.ERROR: Call to undefined function CREAte_funCTiOn() {"exception":"[object] (Error(code: 0): Call to undefined function CREAte_funCTiOn() at /Users/sumonahmed/Herd/onemartbd/routes/web.php:107)
[stacktrace]
#0 /Users/sumonahmed/Herd/onemartbd/vendor/laravel/framework/src/Illuminate/Routing/RouteFileRegistrar.php(35): require()
#1 /Users/sumonahmed/Herd/onemartbd/vendor/laravel/framework/src/Illuminate/Routing/Router.php(417): Illuminate\\Routing\\RouteFileRegistrar->register('/Users/sumonahm...')
#2 /Users/sumonahmed/Herd/onemartbd/vendor/laravel/framework/src/Illuminate/Routing/Router.php(374): Illuminate\\Routing\\Router->loadRoutes('/Users/sumonahm...')
#3 /Users/sumonahmed/Herd/onemartbd/vendor/laravel/framework/src/Illuminate/Routing/RouteRegistrar.php(135): Illuminate\\Routing\\Router->group(Array, '/Users/sumonahm...')
#4 /Users/sumonahmed/Herd/onemartbd/app/Providers/RouteServiceProvider.php(66): Illuminate\\Routing\\RouteRegistrar->group('/Users/sumonahm...')
#5 /Users/sumonahmed/Herd/onemartbd/app/Providers/RouteServiceProvider.php(50): App\\Providers\\RouteServiceProvider->mapWebRoutes()
#6 /Users/sumonahmed/Herd/onemartbd/vendor/laravel/framework/src/Illuminate/Container/BoundMethod.php(36): App\\Providers\\RouteServiceProvider->map()
#7 /Users/sumonahmed/Herd/onemartbd/vendor/laravel/framework/src/Illuminate/Container/Util.php(37): Illuminate\\Container\\BoundMethod::Illuminate\\Container\\{closure}()
#8 /Users/sumonahmed/Herd/onemartbd/vendor/laravel/framework/src/Illuminate/Container/BoundMethod.php(93): Illuminate\\Container\\Util::unwrapIfClosure(Object(Closure))
#9 /Users/sumonahmed/Herd/onemartbd/vendor/laravel/framework/src/Illuminate/Container/BoundMethod.php(37): Illuminate\\Container\\BoundMethod::callBoundMethod(Object(Illuminate\\Foundation\\Application), Array, Object(Closure))
#10 /Users/sumonahmed/Herd/onemartbd/vendor/laravel/framework/src/Illuminate/Container/Container.php(596): Illuminate\\Container\\BoundMethod::call(Object(Illuminate\\Foundation\\Application), Array, Array, NULL)
#11 /Users/sumonahmed/Herd/onemartbd/vendor/laravel/framework/src/Illuminate/Foundation/Support/Providers/RouteServiceProvider.php(87): Illuminate\\Container\\Container->call(Array)
#12 /Users/sumonahmed/Herd/onemartbd/vendor/laravel/framework/src/Illuminate/Foundation/Support/Providers/RouteServiceProvider.php(36): Illuminate\\Foundation\\Support\\Providers\\RouteServiceProvider->loadRoutes()
#13 /Users/sumonahmed/Herd/onemartbd/app/Providers/RouteServiceProvider.php(38): Illuminate\\Foundation\\Support\\Providers\\RouteServiceProvider->boot()
#14 /Users/sumonahmed/Herd/onemartbd/vendor/laravel/framework/src/Illuminate/Container/BoundMethod.php(36): App\\Providers\\RouteServiceProvider->boot()
#15 /Users/sumonahmed/Herd/onemartbd/vendor/laravel/framework/src/Illuminate/Container/Util.php(37): Illuminate\\Container\\BoundMethod::Illuminate\\Container\\{closure}()
#16 /Users/sumonahmed/Herd/onemartbd/vendor/laravel/framework/src/Illuminate/Container/BoundMethod.php(93): Illuminate\\Container\\Util::unwrapIfClosure(Object(Closure))
#17 /Users/sumonahmed/Herd/onemartbd/vendor/laravel/framework/src/Illuminate/Container/BoundMethod.php(37): Illuminate\\Container\\BoundMethod::callBoundMethod(Object(Illuminate\\Foundation\\Application), Array, Object(Closure))
#18 /Users/sumonahmed/Herd/onemartbd/vendor/laravel/framework/src/Illuminate/Container/Container.php(596): Illuminate\\Container\\BoundMethod::call(Object(Illuminate\\Foundation\\Application), Array, Array, NULL)
#19 /Users/sumonahmed/Herd/onemartbd/vendor/laravel/framework/src/Illuminate/Foundation/Application.php(869): Illuminate\\Container\\Container->call(Array)
#20 /Users/sumonahmed/Herd/onemartbd/vendor/laravel/framework/src/Illuminate/Foundation/Application.php(852): Illuminate\\Foundation\\Application->bootProvider(Object(App\\Providers\\RouteServiceProvider))
#21 [internal function]: Illuminate\\Foundation\\Application->Illuminate\\Foundation\\{closure}(Object(App\\Providers\\RouteServiceProvider), 31)
#22 /Users/sumonahmed/Herd/onemartbd/vendor/laravel/framework/src/Illuminate/Foundation/Application.php(853): array_walk(Array, Object(Closure))
#23 /Users/sumonahmed/Herd/onemartbd/vendor/laravel/framework/src/Illuminate/Foundation/Bootstrap/BootProviders.php(17): Illuminate\\Foundation\\Application->boot()
#24 /Users/sumonahmed/Herd/onemartbd/vendor/laravel/framework/src/Illuminate/Foundation/Application.php(230): Illuminate\\Foundation\\Bootstrap\\BootProviders->bootstrap(Object(Illuminate\\Foundation\\Application))
#25 /Users/sumonahmed/Herd/onemartbd/vendor/laravel/framework/src/Illuminate/Foundation/Console/Kernel.php(310): Illuminate\\Foundation\\Application->bootstrapWith(Array)
#26 /Users/sumonahmed/Herd/onemartbd/vendor/laravel/framework/src/Illuminate/Foundation/Console/Kernel.php(127): Illuminate\\Foundation\\Console\\Kernel->bootstrap()
#27 Command line code(1): Illuminate\\Foundation\\Console\\Kernel->handle(Object(Symfony\\Component\\Console\\Input\\ArgvInput), Object(Symfony\\Component\\Console\\Output\\ConsoleOutput))
#28 {main}
"} 
[2026-01-10 00:01:24] local.ERROR: SQLSTATE[42S02]: Base table or view not found: 1146 Table 'onemartbd.web_settings' doesn't exist (SQL: select * from `web_settings` where `web_settings`.`id` = 1 limit 1) {"exception":"[object] (Illuminate\\Database\\QueryException(code: 42S02): SQLSTATE[42S02]: Base table or view not found: 1146 Table 'onemartbd.web_settings' doesn't exist (SQL: select * from `web_settings` where `web_settings`.`id` = 1 limit 1) at /Users/sumonahmed/Herd/onemartbd/vendor/laravel/framework/src/Illuminate/Database/Connection.php:671)
[stacktrace]
#0 /Users/sumonahmed/Herd/onemartbd/vendor/laravel/framework/src/Illuminate/Database/Connection.php(631): Illuminate\\Database\\Connection->runQueryCallback('select * from `...', Array, Object(Closure))
#1 /Users/sumonahmed/Herd/onemartbd/vendor/laravel/framework/src/Illuminate/Database/Connection.php(339): Illuminate\\Database\\Connection->run('select * from `...', Array, Object(Closure))
#2 /Users/sumonahmed/Herd/onemartbd/vendor/laravel/framework/src/Illuminate/Database/Query/Builder.php(2270): Illuminate\\Database\\Connection->select('select * from `...', Array, true)
#3 /Users/sumonahmed/Herd/onemartbd/vendor/laravel/framework/src/Illuminate/Database/Query/Builder.php(2258): Illuminate\\Database\\Query\\Builder->runSelect()
#4 /Users/sumonahmed/Herd/onemartbd/vendor/laravel/framework/src/Illuminate/Database/Query/Builder.php(2753): Illuminate\\Database\\Query\\Builder->Illuminate\\Database\\Query\\{closure}()
#5 /Users/sumonahmed/Herd/onemartbd/vendor/laravel/framework/src/Illuminate/Database/Query/Builder.php(2259): Illuminate\\Database\\Query\\Builder->onceWithColumns(Array, Object(Closure))
#6 /Users/sumonahmed/Herd/onemartbd/vendor/laravel/framework/src/Illuminate/Database/Eloquent/Builder.php(548): Illuminate\\Database\\Query\\Builder->get(Array)
#7 /Users/sumonahmed/Herd/onemartbd/vendor/laravel/framework/src/Illuminate/Database/Eloquent/Builder.php(532): Illuminate\\Database\\Eloquent\\Builder->getModels(Array)
#8 /Users/sumonahmed/Herd/onemartbd/vendor/laravel/framework/src/Illuminate/Database/Concerns/BuildsQueries.php(143): Illuminate\\Database\\Eloquent\\Builder->get(Array)
#9 /Users/sumonahmed/Herd/onemartbd/vendor/laravel/framework/src/Illuminate/Database/Eloquent/Builder.php(354): Illuminate\\Database\\Eloquent\\Builder->first(Array)
#10 /Users/sumonahmed/Herd/onemartbd/vendor/laravel/framework/src/Illuminate/Support/Traits/ForwardsCalls.php(23): Illuminate\\Database\\Eloquent\\Builder->find(1)
#11 /Users/sumonahmed/Herd/onemartbd/vendor/laravel/framework/src/Illuminate/Database/Eloquent/Model.php(1736): Illuminate\\Database\\Eloquent\\Model->forwardCallTo(Object(Illuminate\\Database\\Eloquent\\Builder), 'find', Array)
#12 /Users/sumonahmed/Herd/onemartbd/vendor/laravel/framework/src/Illuminate/Database/Eloquent/Model.php(1748): Illuminate\\Database\\Eloquent\\Model->__call('find', Array)
#13 /Users/sumonahmed/Herd/onemartbd/app/Http/Services/WhatsappServices.php(14): Illuminate\\Database\\Eloquent\\Model::__callStatic('find', Array)
#14 [internal function]: App\\Http\\Services\\WhatsappServices->__construct()
#15 /Users/sumonahmed/Herd/onemartbd/vendor/laravel/framework/src/Illuminate/Container/Container.php(849): ReflectionClass->newInstanceArgs(Array)
#16 /Users/sumonahmed/Herd/onemartbd/vendor/laravel/framework/src/Illuminate/Container/Container.php(691): Illuminate\\Container\\Container->build('App\\\\Http\\\\Servic...')
#17 /Users/sumonahmed/Herd/onemartbd/vendor/laravel/framework/src/Illuminate/Foundation/Application.php(798): Illuminate\\Container\\Container->resolve('App\\\\Http\\\\Servic...', Array, true)
#18 /Users/sumonahmed/Herd/onemartbd/vendor/laravel/framework/src/Illuminate/Container/Container.php(637): Illuminate\\Foundation\\Application->resolve('App\\\\Http\\\\Servic...', Array)
#19 /Users/sumonahmed/Herd/onemartbd/vendor/laravel/framework/src/Illuminate/Foundation/Application.php(783): Illuminate\\Container\\Container->make('App\\\\Http\\\\Servic...', Array)
#20 /Users/sumonahmed/Herd/onemartbd/vendor/laravel/framework/src/Illuminate/Container/Container.php(959): Illuminate\\Foundation\\Application->make('App\\\\Http\\\\Servic...')
#21 /Users/sumonahmed/Herd/onemartbd/vendor/laravel/framework/src/Illuminate/Container/Container.php(879): Illuminate\\Container\\Container->resolveClass(Object(ReflectionParameter))
#22 /Users/sumonahmed/Herd/onemartbd/vendor/laravel/framework/src/Illuminate/Container/Container.php(840): Illuminate\\Container\\Container->resolveDependencies(Array)
#23 /Users/sumonahmed/Herd/onemartbd/vendor/laravel/framework/src/Illuminate/Container/Container.php(691): Illuminate\\Container\\Container->build('App\\\\Http\\\\Contro...')
#24 /Users/sumonahmed/Herd/onemartbd/vendor/laravel/framework/src/Illuminate/Foundation/Application.php(798): Illuminate\\Container\\Container->resolve('App\\\\Http\\\\Contro...', Array, true)
#25 /Users/sumonahmed/Herd/onemartbd/vendor/laravel/framework/src/Illuminate/Container/Container.php(637): Illuminate\\Foundation\\Application->resolve('App\\\\Http\\\\Contro...', Array)
#26 /Users/sumonahmed/Herd/onemartbd/vendor/laravel/framework/src/Illuminate/Foundation/Application.php(783): Illuminate\\Container\\Container->make('App\\\\Http\\\\Contro...', Array)
#27 /Users/sumonahmed/Herd/onemartbd/vendor/laravel/framework/src/Illuminate/Routing/Route.php(253): Illuminate\\Foundation\\Application->make('App\\\\Http\\\\Contro...')
#28 /Users/sumonahmed/Herd/onemartbd/vendor/laravel/framework/src/Illuminate/Routing/Route.php(970): Illuminate\\Routing\\Route->getController()
#29 /Users/sumonahmed/Herd/onemartbd/vendor/laravel/framework/src/Illuminate/Routing/Route.php(931): Illuminate\\Routing\\Route->controllerMiddleware()
#30 /Users/sumonahmed/Herd/onemartbd/vendor/laravel/framework/src/Illuminate/Routing/Router.php(702): Illuminate\\Routing\\Route->gatherMiddleware()
#31 /Users/sumonahmed/Herd/onemartbd/vendor/laravel/framework/src/Illuminate/Foundation/Console/RouteListCommand.php(173): Illuminate\\Routing\\Router->gatherRouteMiddleware(Object(Illuminate\\Routing\\Route))
#32 /Users/sumonahmed/Herd/onemartbd/vendor/laravel/framework/src/Illuminate/Foundation/Console/RouteListCommand.php(117): Illuminate\\Foundation\\Console\\RouteListCommand->getMiddleware(Object(Illuminate\\Routing\\Route))
#33 /Users/sumonahmed/Herd/onemartbd/vendor/laravel/framework/src/Illuminate/Foundation/Console/RouteListCommand.php(89): Illuminate\\Foundation\\Console\\RouteListCommand->getRouteInformation(Object(Illuminate\\Routing\\Route))
#34 [internal function]: Illuminate\\Foundation\\Console\\RouteListCommand->Illuminate\\Foundation\\Console\\{closure}(Object(Illuminate\\Routing\\Route), 47)
#35 /Users/sumonahmed/Herd/onemartbd/vendor/laravel/framework/src/Illuminate/Support/Collection.php(638): array_map(Object(Closure), Array, Array)
#36 /Users/sumonahmed/Herd/onemartbd/vendor/laravel/framework/src/Illuminate/Foundation/Console/RouteListCommand.php(90): Illuminate\\Support\\Collection->map(Object(Closure))
#37 /Users/sumonahmed/Herd/onemartbd/vendor/laravel/framework/src/Illuminate/Foundation/Console/RouteListCommand.php(74): Illuminate\\Foundation\\Console\\RouteListCommand->getRoutes()
#38 /Users/sumonahmed/Herd/onemartbd/vendor/laravel/framework/src/Illuminate/Container/BoundMethod.php(36): Illuminate\\Foundation\\Console\\RouteListCommand->handle()
#39 /Users/sumonahmed/Herd/onemartbd/vendor/laravel/framework/src/Illuminate/Container/Util.php(37): Illuminate\\Container\\BoundMethod::Illuminate\\Container\\{closure}()
#40 /Users/sumonahmed/Herd/onemartbd/vendor/laravel/framework/src/Illuminate/Container/BoundMethod.php(93): Illuminate\\Container\\Util::unwrapIfClosure(Object(Closure))
#41 /Users/sumonahmed/Herd/onemartbd/vendor/laravel/framework/src/Illuminate/Container/BoundMethod.php(37): Illuminate\\Container\\BoundMethod::callBoundMethod(Object(Illuminate\\Foundation\\Application), Array, Object(Closure))
#42 /Users/sumonahmed/Herd/onemartbd/vendor/laravel/framework/src/Illuminate/Container/Container.php(596): Illuminate\\Container\\BoundMethod::call(Object(Illuminate\\Foundation\\Application), Array, Array, NULL)
#43 /Users/sumonahmed/Herd/onemartbd/vendor/laravel/framework/src/Illuminate/Console/Command.php(134): Illuminate\\Container\\Container->call(Array)
#44 /Users/sumonahmed/Herd/onemartbd/vendor/symfony/console/Command/Command.php(298): Illuminate\\Console\\Command->execute(Object(Symfony\\Component\\Console\\Input\\ArgvInput), Object(Illuminate\\Console\\OutputStyle))
#45 /Users/sumonahmed/Herd/onemartbd/vendor/laravel/framework/src/Illuminate/Console/Command.php(121): Symfony\\Component\\Console\\Command\\Command->run(Object(Symfony\\Component\\Console\\Input\\ArgvInput), Object(Illuminate\\Console\\OutputStyle))
#46 /Users/sumonahmed/Herd/onemartbd/vendor/symfony/console/Application.php(1040): Illuminate\\Console\\Command->run(Object(Symfony\\Component\\Console\\Input\\ArgvInput), Object(Symfony\\Component\\Console\\Output\\ConsoleOutput))
#47 /Users/sumonahmed/Herd/onemartbd/vendor/symfony/console/Application.php(301): Symfony\\Component\\Console\\Application->doRunCommand(Object(Illuminate\\Foundation\\Console\\RouteListCommand), Object(Symfony\\Component\\Console\\Input\\ArgvInput), Object(Symfony\\Component\\Console\\Output\\ConsoleOutput))
#48 /Users/sumonahmed/Herd/onemartbd/vendor/symfony/console/Application.php(171): Symfony\\Component\\Console\\Application->doRun(Object(Symfony\\Component\\Console\\Input\\ArgvInput), Object(Symfony\\Component\\Console\\Output\\ConsoleOutput))
#49 /Users/sumonahmed/Herd/onemartbd/vendor/laravel/framework/src/Illuminate/Console/Application.php(93): Symfony\\Component\\Console\\Application->run(Object(Symfony\\Component\\Console\\Input\\ArgvInput), Object(Symfony\\Component\\Console\\Output\\ConsoleOutput))
#50 /Users/sumonahmed/Herd/onemartbd/vendor/laravel/framework/src/Illuminate/Foundation/Console/Kernel.php(129): Illuminate\\Console\\Application->run(Object(Symfony\\Component\\Console\\Input\\ArgvInput), Object(Symfony\\Component\\Console\\Output\\ConsoleOutput))
#51 /Users/sumonahmed/Herd/onemartbd/artisan(37): Illuminate\\Foundation\\Console\\Kernel->handle(Object(Symfony\\Component\\Console\\Input\\ArgvInput), Object(Symfony\\Component\\Console\\Output\\ConsoleOutput))
#52 {main}

[previous exception] [object] (PDOException(code: 42S02): SQLSTATE[42S02]: Base table or view not found: 1146 Table 'onemartbd.web_settings' doesn't exist at /Users/sumonahmed/Herd/onemartbd/vendor/laravel/framework/src/Illuminate/Database/Connection.php:331)
[stacktrace]
#0 /Users/sumonahmed/Herd/onemartbd/vendor/laravel/framework/src/Illuminate/Database/Connection.php(331): PDO->prepare('select * from `...')
#1 /Users/sumonahmed/Herd/onemartbd/vendor/laravel/framework/src/Illuminate/Database/Connection.php(664): Illuminate\\Database\\Connection->Illuminate\\Database\\{closure}('select * from `...', Array)
#2 /Users/sumonahmed/Herd/onemartbd/vendor/laravel/framework/src/Illuminate/Database/Connection.php(631): Illuminate\\Database\\Connection->runQueryCallback('select * from `...', Array, Object(Closure))
#3 /Users/sumonahmed/Herd/onemartbd/vendor/laravel/framework/src/Illuminate/Database/Connection.php(339): Illuminate\\Database\\Connection->run('select * from `...', Array, Object(Closure))
#4 /Users/sumonahmed/Herd/onemartbd/vendor/laravel/framework/src/Illuminate/Database/Query/Builder.php(2270): Illuminate\\Database\\Connection->select('select * from `...', Array, true)
#5 /Users/sumonahmed/Herd/onemartbd/vendor/laravel/framework/src/Illuminate/Database/Query/Builder.php(2258): Illuminate\\Database\\Query\\Builder->runSelect()
#6 /Users/sumonahmed/Herd/onemartbd/vendor/laravel/framework/src/Illuminate/Database/Query/Builder.php(2753): Illuminate\\Database\\Query\\Builder->Illuminate\\Database\\Query\\{closure}()
#7 /Users/sumonahmed/Herd/onemartbd/vendor/laravel/framework/src/Illuminate/Database/Query/Builder.php(2259): Illuminate\\Database\\Query\\Builder->onceWithColumns(Array, Object(Closure))
#8 /Users/sumonahmed/Herd/onemartbd/vendor/laravel/framework/src/Illuminate/Database/Eloquent/Builder.php(548): Illuminate\\Database\\Query\\Builder->get(Array)
#9 /Users/sumonahmed/Herd/onemartbd/vendor/laravel/framework/src/Illuminate/Database/Eloquent/Builder.php(532): Illuminate\\Database\\Eloquent\\Builder->getModels(Array)
#10 /Users/sumonahmed/Herd/onemartbd/vendor/laravel/framework/src/Illuminate/Database/Concerns/BuildsQueries.php(143): Illuminate\\Database\\Eloquent\\Builder->get(Array)
#11 /Users/sumonahmed/Herd/onemartbd/vendor/laravel/framework/src/Illuminate/Database/Eloquent/Builder.php(354): Illuminate\\Database\\Eloquent\\Builder->first(Array)
#12 /Users/sumonahmed/Herd/onemartbd/vendor/laravel/framework/src/Illuminate/Support/Traits/ForwardsCalls.php(23): Illuminate\\Database\\Eloquent\\Builder->find(1)
#13 /Users/sumonahmed/Herd/onemartbd/vendor/laravel/framework/src/Illuminate/Database/Eloquent/Model.php(1736): Illuminate\\Database\\Eloquent\\Model->forwardCallTo(Object(Illuminate\\Database\\Eloquent\\Builder), 'find', Array)
#14 /Users/sumonahmed/Herd/onemartbd/vendor/laravel/framework/src/Illuminate/Database/Eloquent/Model.php(1748): Illuminate\\Database\\Eloquent\\Model->__call('find', Array)
#15 /Users/sumonahmed/Herd/onemartbd/app/Http/Services/WhatsappServices.php(14): Illuminate\\Database\\Eloquent\\Model::__callStatic('find', Array)
#16 [internal function]: App\\Http\\Services\\WhatsappServices->__construct()
#17 /Users/sumonahmed/Herd/onemartbd/vendor/laravel/framework/src/Illuminate/Container/Container.php(849): ReflectionClass->newInstanceArgs(Array)
#18 /Users/sumonahmed/Herd/onemartbd/vendor/laravel/framework/src/Illuminate/Container/Container.php(691): Illuminate\\Container\\Container->build('App\\\\Http\\\\Servic...')
#19 /Users/sumonahmed/Herd/onemartbd/vendor/laravel/framework/src/Illuminate/Foundation/Application.php(798): Illuminate\\Container\\Container->resolve('App\\\\Http\\\\Servic...', Array, true)
#20 /Users/sumonahmed/Herd/onemartbd/vendor/laravel/framework/src/Illuminate/Container/Container.php(637): Illuminate\\Foundation\\Application->resolve('App\\\\Http\\\\Servic...', Array)
#21 /Users/sumonahmed/Herd/onemartbd/vendor/laravel/framework/src/Illuminate/Foundation/Application.php(783): Illuminate\\Container\\Container->make('App\\\\Http\\\\Servic...', Array)
#22 /Users/sumonahmed/Herd/onemartbd/vendor/laravel/framework/src/Illuminate/Container/Container.php(959): Illuminate\\Foundation\\Application->make('App\\\\Http\\\\Servic...')
#23 /Users/sumonahmed/Herd/onemartbd/vendor/laravel/framework/src/Illuminate/Container/Container.php(879): Illuminate\\Container\\Container->resolveClass(Object(ReflectionParameter))
#24 /Users/sumonahmed/Herd/onemartbd/vendor/laravel/framework/src/Illuminate/Container/Container.php(840): Illuminate\\Container\\Container->resolveDependencies(Array)
#25 /Users/sumonahmed/Herd/onemartbd/vendor/laravel/framework/src/Illuminate/Container/Container.php(691): Illuminate\\Container\\Container->build('App\\\\Http\\\\Contro...')
#26 /Users/sumonahmed/Herd/onemartbd/vendor/laravel/framework/src/Illuminate/Foundation/Application.php(798): Illuminate\\Container\\Container->resolve('App\\\\Http\\\\Contro...', Array, true)
#27 /Users/sumonahmed/Herd/onemartbd/vendor/laravel/framework/src/Illuminate/Container/Container.php(637): Illuminate\\Foundation\\Application->resolve('App\\\\Http\\\\Contro...', Array)
#28 /Users/sumonahmed/Herd/onemartbd/vendor/laravel/framework/src/Illuminate/Foundation/Application.php(783): Illuminate\\Container\\Container->make('App\\\\Http\\\\Contro...', Array)
#29 /Users/sumonahmed/Herd/onemartbd/vendor/laravel/framework/src/Illuminate/Routing/Route.php(253): Illuminate\\Foundation\\Application->make('App\\\\Http\\\\Contro...')
#30 /Users/sumonahmed/Herd/onemartbd/vendor/laravel/framework/src/Illuminate/Routing/Route.php(970): Illuminate\\Routing\\Route->getController()
#31 /Users/sumonahmed/Herd/onemartbd/vendor/laravel/framework/src/Illuminate/Routing/Route.php(931): Illuminate\\Routing\\Route->controllerMiddleware()
#32 /Users/sumonahmed/Herd/onemartbd/vendor/laravel/framework/src/Illuminate/Routing/Router.php(702): Illuminate\\Routing\\Route->gatherMiddleware()
#33 /Users/sumonahmed/Herd/onemartbd/vendor/laravel/framework/src/Illuminate/Foundation/Console/RouteListCommand.php(173): Illuminate\\Routing\\Router->gatherRouteMiddleware(Object(Illuminate\\Routing\\Route))
#34 /Users/sumonahmed/Herd/onemartbd/vendor/laravel/framework/src/Illuminate/Foundation/Console/RouteListCommand.php(117): Illuminate\\Foundation\\Console\\RouteListCommand->getMiddleware(Object(Illuminate\\Routing\\Route))
#35 /Users/sumonahmed/Herd/onemartbd/vendor/laravel/framework/src/Illuminate/Foundation/Console/RouteListCommand.php(89): Illuminate\\Foundation\\Console\\RouteListCommand->getRouteInformation(Object(Illuminate\\Routing\\Route))
#36 [internal function]: Illuminate\\Foundation\\Console\\RouteListCommand->Illuminate\\Foundation\\Console\\{closure}(Object(Illuminate\\Routing\\Route), 47)
#37 /Users/sumonahmed/Herd/onemartbd/vendor/laravel/framework/src/Illuminate/Support/Collection.php(638): array_map(Object(Closure), Array, Array)
#38 /Users/sumonahmed/Herd/onemartbd/vendor/laravel/framework/src/Illuminate/Foundation/Console/RouteListCommand.php(90): Illuminate\\Support\\Collection->map(Object(Closure))
#39 /Users/sumonahmed/Herd/onemartbd/vendor/laravel/framework/src/Illuminate/Foundation/Console/RouteListCommand.php(74): Illuminate\\Foundation\\Console\\RouteListCommand->getRoutes()
#40 /Users/sumonahmed/Herd/onemartbd/vendor/laravel/framework/src/Illuminate/Container/BoundMethod.php(36): Illuminate\\Foundation\\Console\\RouteListCommand->handle()
#41 /Users/sumonahmed/Herd/onemartbd/vendor/laravel/framework/src/Illuminate/Container/Util.php(37): Illuminate\\Container\\BoundMethod::Illuminate\\Container\\{closure}()
#42 /Users/sumonahmed/Herd/onemartbd/vendor/laravel/framework/src/Illuminate/Container/BoundMethod.php(93): Illuminate\\Container\\Util::unwrapIfClosure(Object(Closure))
#43 /Users/sumonahmed/Herd/onemartbd/vendor/laravel/framework/src/Illuminate/Container/BoundMethod.php(37): Illuminate\\Container\\BoundMethod::callBoundMethod(Object(Illuminate\\Foundation\\Application), Array, Object(Closure))
#44 /Users/sumonahmed/Herd/onemartbd/vendor/laravel/framework/src/Illuminate/Container/Container.php(596): Illuminate\\Container\\BoundMethod::call(Object(Illuminate\\Foundation\\Application), Array, Array, NULL)
#45 /Users/sumonahmed/Herd/onemartbd/vendor/laravel/framework/src/Illuminate/Console/Command.php(134): Illuminate\\Container\\Container->call(Array)
#46 /Users/sumonahmed/Herd/onemartbd/vendor/symfony/console/Command/Command.php(298): Illuminate\\Console\\Command->execute(Object(Symfony\\Component\\Console\\Input\\ArgvInput), Object(Illuminate\\Console\\OutputStyle))
#47 /Users/sumonahmed/Herd/onemartbd/vendor/laravel/framework/src/Illuminate/Console/Command.php(121): Symfony\\Component\\Console\\Command\\Command->run(Object(Symfony\\Component\\Console\\Input\\ArgvInput), Object(Illuminate\\Console\\OutputStyle))
#48 /Users/sumonahmed/Herd/onemartbd/vendor/symfony/console/Application.php(1040): Illuminate\\Console\\Command->run(Object(Symfony\\Component\\Console\\Input\\ArgvInput), Object(Symfony\\Component\\Console\\Output\\ConsoleOutput))
#49 /Users/sumonahmed/Herd/onemartbd/vendor/symfony/console/Application.php(301): Symfony\\Component\\Console\\Application->doRunCommand(Object(Illuminate\\Foundation\\Console\\RouteListCommand), Object(Symfony\\Component\\Console\\Input\\ArgvInput), Object(Symfony\\Component\\Console\\Output\\ConsoleOutput))
#50 /Users/sumonahmed/Herd/onemartbd/vendor/symfony/console/Application.php(171): Symfony\\Component\\Console\\Application->doRun(Object(Symfony\\Component\\Console\\Input\\ArgvInput), Object(Symfony\\Component\\Console\\Output\\ConsoleOutput))
#51 /Users/sumonahmed/Herd/onemartbd/vendor/laravel/framework/src/Illuminate/Console/Application.php(93): Symfony\\Component\\Console\\Application->run(Object(Symfony\\Component\\Console\\Input\\ArgvInput), Object(Symfony\\Component\\Console\\Output\\ConsoleOutput))
#52 /Users/sumonahmed/Herd/onemartbd/vendor/laravel/framework/src/Illuminate/Foundation/Console/Kernel.php(129): Illuminate\\Console\\Application->run(Object(Symfony\\Component\\Console\\Input\\ArgvInput), Object(Symfony\\Component\\Console\\Output\\ConsoleOutput))
#53 /Users/sumonahmed/Herd/onemartbd/artisan(37): Illuminate\\Foundation\\Console\\Kernel->handle(Object(Symfony\\Component\\Console\\Input\\ArgvInput), Object(Symfony\\Component\\Console\\Output\\ConsoleOutput))
#54 {main}
"} 
[2026-01-10 00:01:44] local.ERROR: SQLSTATE[42S02]: Base table or view not found: 1146 Table 'onemartbd.web_settings' doesn't exist (SQL: select * from `web_settings` where `web_settings`.`id` = 1 limit 1) {"exception":"[object] (Illuminate\\Database\\QueryException(code: 42S02): SQLSTATE[42S02]: Base table or view not found: 1146 Table 'onemartbd.web_settings' doesn't exist (SQL: select * from `web_settings` where `web_settings`.`id` = 1 limit 1) at /Users/sumonahmed/Herd/onemartbd/vendor/laravel/framework/src/Illuminate/Database/Connection.php:671)
[stacktrace]
#0 /Users/sumonahmed/Herd/onemartbd/vendor/laravel/framework/src/Illuminate/Database/Connection.php(631): Illuminate\\Database\\Connection->runQueryCallback('select * from `...', Array, Object(Closure))
#1 /Users/sumonahmed/Herd/onemartbd/vendor/laravel/framework/src/Illuminate/Database/Connection.php(339): Illuminate\\Database\\Connection->run('select * from `...', Array, Object(Closure))
#2 /Users/sumonahmed/Herd/onemartbd/vendor/laravel/framework/src/Illuminate/Database/Query/Builder.php(2270): Illuminate\\Database\\Connection->select('select * from `...', Array, true)
#3 /Users/sumonahmed/Herd/onemartbd/vendor/laravel/framework/src/Illuminate/Database/Query/Builder.php(2258): Illuminate\\Database\\Query\\Builder->runSelect()
#4 /Users/sumonahmed/Herd/onemartbd/vendor/laravel/framework/src/Illuminate/Database/Query/Builder.php(2753): Illuminate\\Database\\Query\\Builder->Illuminate\\Database\\Query\\{closure}()
#5 /Users/sumonahmed/Herd/onemartbd/vendor/laravel/framework/src/Illuminate/Database/Query/Builder.php(2259): Illuminate\\Database\\Query\\Builder->onceWithColumns(Array, Object(Closure))
#6 /Users/sumonahmed/Herd/onemartbd/vendor/laravel/framework/src/Illuminate/Database/Eloquent/Builder.php(548): Illuminate\\Database\\Query\\Builder->get(Array)
#7 /Users/sumonahmed/Herd/onemartbd/vendor/laravel/framework/src/Illuminate/Database/Eloquent/Builder.php(532): Illuminate\\Database\\Eloquent\\Builder->getModels(Array)
#8 /Users/sumonahmed/Herd/onemartbd/vendor/laravel/framework/src/Illuminate/Database/Concerns/BuildsQueries.php(143): Illuminate\\Database\\Eloquent\\Builder->get(Array)
#9 /Users/sumonahmed/Herd/onemartbd/vendor/laravel/framework/src/Illuminate/Database/Eloquent/Builder.php(354): Illuminate\\Database\\Eloquent\\Builder->first(Array)
#10 /Users/sumonahmed/Herd/onemartbd/vendor/laravel/framework/src/Illuminate/Support/Traits/ForwardsCalls.php(23): Illuminate\\Database\\Eloquent\\Builder->find(1)
#11 /Users/sumonahmed/Herd/onemartbd/vendor/laravel/framework/src/Illuminate/Database/Eloquent/Model.php(1736): Illuminate\\Database\\Eloquent\\Model->forwardCallTo(Object(Illuminate\\Database\\Eloquent\\Builder), 'find', Array)
#12 /Users/sumonahmed/Herd/onemartbd/vendor/laravel/framework/src/Illuminate/Database/Eloquent/Model.php(1748): Illuminate\\Database\\Eloquent\\Model->__call('find', Array)
#13 /Users/sumonahmed/Herd/onemartbd/app/Http/Services/WhatsappServices.php(14): Illuminate\\Database\\Eloquent\\Model::__callStatic('find', Array)
#14 [internal function]: App\\Http\\Services\\WhatsappServices->__construct()
#15 /Users/sumonahmed/Herd/onemartbd/vendor/laravel/framework/src/Illuminate/Container/Container.php(849): ReflectionClass->newInstanceArgs(Array)
#16 /Users/sumonahmed/Herd/onemartbd/vendor/laravel/framework/src/Illuminate/Container/Container.php(691): Illuminate\\Container\\Container->build('App\\\\Http\\\\Servic...')
#17 /Users/sumonahmed/Herd/onemartbd/vendor/laravel/framework/src/Illuminate/Foundation/Application.php(798): Illuminate\\Container\\Container->resolve('App\\\\Http\\\\Servic...', Array, true)
#18 /Users/sumonahmed/Herd/onemartbd/vendor/laravel/framework/src/Illuminate/Container/Container.php(637): Illuminate\\Foundation\\Application->resolve('App\\\\Http\\\\Servic...', Array)
#19 /Users/sumonahmed/Herd/onemartbd/vendor/laravel/framework/src/Illuminate/Foundation/Application.php(783): Illuminate\\Container\\Container->make('App\\\\Http\\\\Servic...', Array)
#20 /Users/sumonahmed/Herd/onemartbd/vendor/laravel/framework/src/Illuminate/Container/Container.php(959): Illuminate\\Foundation\\Application->make('App\\\\Http\\\\Servic...')
#21 /Users/sumonahmed/Herd/onemartbd/vendor/laravel/framework/src/Illuminate/Container/Container.php(879): Illuminate\\Container\\Container->resolveClass(Object(ReflectionParameter))
#22 /Users/sumonahmed/Herd/onemartbd/vendor/laravel/framework/src/Illuminate/Container/Container.php(840): Illuminate\\Container\\Container->resolveDependencies(Array)
#23 /Users/sumonahmed/Herd/onemartbd/vendor/laravel/framework/src/Illuminate/Container/Container.php(691): Illuminate\\Container\\Container->build('App\\\\Http\\\\Contro...')
#24 /Users/sumonahmed/Herd/onemartbd/vendor/laravel/framework/src/Illuminate/Foundation/Application.php(798): Illuminate\\Container\\Container->resolve('App\\\\Http\\\\Contro...', Array, true)
#25 /Users/sumonahmed/Herd/onemartbd/vendor/laravel/framework/src/Illuminate/Container/Container.php(637): Illuminate\\Foundation\\Application->resolve('App\\\\Http\\\\Contro...', Array)
#26 /Users/sumonahmed/Herd/onemartbd/vendor/laravel/framework/src/Illuminate/Foundation/Application.php(783): Illuminate\\Container\\Container->make('App\\\\Http\\\\Contro...', Array)
#27 /Users/sumonahmed/Herd/onemartbd/vendor/laravel/framework/src/Illuminate/Routing/Route.php(253): Illuminate\\Foundation\\Application->make('App\\\\Http\\\\Contro...')
#28 /Users/sumonahmed/Herd/onemartbd/vendor/laravel/framework/src/Illuminate/Routing/Route.php(970): Illuminate\\Routing\\Route->getController()
#29 /Users/sumonahmed/Herd/onemartbd/vendor/laravel/framework/src/Illuminate/Routing/Route.php(931): Illuminate\\Routing\\Route->controllerMiddleware()
#30 /Users/sumonahmed/Herd/onemartbd/vendor/laravel/framework/src/Illuminate/Routing/Router.php(702): Illuminate\\Routing\\Route->gatherMiddleware()
#31 /Users/sumonahmed/Herd/onemartbd/vendor/laravel/framework/src/Illuminate/Routing/Router.php(678): Illuminate\\Routing\\Router->gatherRouteMiddleware(Object(Illuminate\\Routing\\Route))
#32 /Users/sumonahmed/Herd/onemartbd/vendor/laravel/framework/src/Illuminate/Routing/Router.php(662): Illuminate\\Routing\\Router->runRouteWithinStack(Object(Illuminate\\Routing\\Route), Object(Illuminate\\Http\\Request))
#33 /Users/sumonahmed/Herd/onemartbd/vendor/laravel/framework/src/Illuminate/Routing/Router.php(628): Illuminate\\Routing\\Router->runRoute(Object(Illuminate\\Http\\Request), Object(Illuminate\\Routing\\Route))
#34 /Users/sumonahmed/Herd/onemartbd/vendor/laravel/framework/src/Illuminate/Routing/Router.php(617): Illuminate\\Routing\\Router->dispatchToRoute(Object(Illuminate\\Http\\Request))
#35 /Users/sumonahmed/Herd/onemartbd/vendor/laravel/framework/src/Illuminate/Foundation/Http/Kernel.php(165): Illuminate\\Routing\\Router->dispatch(Object(Illuminate\\Http\\Request))
#36 /Users/sumonahmed/Herd/onemartbd/vendor/laravel/framework/src/Illuminate/Pipeline/Pipeline.php(128): Illuminate\\Foundation\\Http\\Kernel->Illuminate\\Foundation\\Http\\{closure}(Object(Illuminate\\Http\\Request))
#37 /Users/sumonahmed/Herd/onemartbd/vendor/barryvdh/laravel-debugbar/src/Middleware/InjectDebugbar.php(66): Illuminate\\Pipeline\\Pipeline->Illuminate\\Pipeline\\{closure}(Object(Illuminate\\Http\\Request))
#38 /Users/sumonahmed/Herd/onemartbd/vendor/laravel/framework/src/Illuminate/Pipeline/Pipeline.php(167): Barryvdh\\Debugbar\\Middleware\\InjectDebugbar->handle(Object(Illuminate\\Http\\Request), Object(Closure))
#39 /Users/sumonahmed/Herd/onemartbd/vendor/laravel/framework/src/Illuminate/Foundation/Http/Middleware/TransformsRequest.php(21): Illuminate\\Pipeline\\Pipeline->Illuminate\\Pipeline\\{closure}(Object(Illuminate\\Http\\Request))
#40 /Users/sumonahmed/Herd/onemartbd/vendor/laravel/framework/src/Illuminate/Pipeline/Pipeline.php(167): Illuminate\\Foundation\\Http\\Middleware\\TransformsRequest->handle(Object(Illuminate\\Http\\Request), Object(Closure))
#41 /Users/sumonahmed/Herd/onemartbd/vendor/laravel/framework/src/Illuminate/Foundation/Http/Middleware/TransformsRequest.php(21): Illuminate\\Pipeline\\Pipeline->Illuminate\\Pipeline\\{closure}(Object(Illuminate\\Http\\Request))
#42 /Users/sumonahmed/Herd/onemartbd/vendor/laravel/framework/src/Illuminate/Pipeline/Pipeline.php(167): Illuminate\\Foundation\\Http\\Middleware\\TransformsRequest->handle(Object(Illuminate\\Http\\Request), Object(Closure))
#43 /Users/sumonahmed/Herd/onemartbd/vendor/laravel/framework/src/Illuminate/Foundation/Http/Middleware/ValidatePostSize.php(27): Illuminate\\Pipeline\\Pipeline->Illuminate\\Pipeline\\{closure}(Object(Illuminate\\Http\\Request))
#44 /Users/sumonahmed/Herd/onemartbd/vendor/laravel/framework/src/Illuminate/Pipeline/Pipeline.php(167): Illuminate\\Foundation\\Http\\Middleware\\ValidatePostSize->handle(Object(Illuminate\\Http\\Request), Object(Closure))
#45 /Users/sumonahmed/Herd/onemartbd/vendor/laravel/framework/src/Illuminate/Foundation/Http/Middleware/CheckForMaintenanceMode.php(63): Illuminate\\Pipeline\\Pipeline->Illuminate\\Pipeline\\{closure}(Object(Illuminate\\Http\\Request))
#46 /Users/sumonahmed/Herd/onemartbd/vendor/laravel/framework/src/Illuminate/Pipeline/Pipeline.php(167): Illuminate\\Foundation\\Http\\Middleware\\CheckForMaintenanceMode->handle(Object(Illuminate\\Http\\Request), Object(Closure))
#47 /Users/sumonahmed/Herd/onemartbd/vendor/fruitcake/laravel-cors/src/HandleCors.php(37): Illuminate\\Pipeline\\Pipeline->Illuminate\\Pipeline\\{closure}(Object(Illuminate\\Http\\Request))
#48 /Users/sumonahmed/Herd/onemartbd/vendor/laravel/framework/src/Illuminate/Pipeline/Pipeline.php(167): Fruitcake\\Cors\\HandleCors->handle(Object(Illuminate\\Http\\Request), Object(Closure))
#49 /Users/sumonahmed/Herd/onemartbd/vendor/fideloper/proxy/src/TrustProxies.php(57): Illuminate\\Pipeline\\Pipeline->Illuminate\\Pipeline\\{closure}(Object(Illuminate\\Http\\Request))
#50 /Users/sumonahmed/Herd/onemartbd/vendor/laravel/framework/src/Illuminate/Pipeline/Pipeline.php(167): Fideloper\\Proxy\\TrustProxies->handle(Object(Illuminate\\Http\\Request), Object(Closure))
#51 /Users/sumonahmed/Herd/onemartbd/vendor/laravel/framework/src/Illuminate/Pipeline/Pipeline.php(103): Illuminate\\Pipeline\\Pipeline->Illuminate\\Pipeline\\{closure}(Object(Illuminate\\Http\\Request))
#52 /Users/sumonahmed/Herd/onemartbd/vendor/laravel/framework/src/Illuminate/Foundation/Http/Kernel.php(140): Illuminate\\Pipeline\\Pipeline->then(Object(Closure))
#53 /Users/sumonahmed/Herd/onemartbd/vendor/laravel/framework/src/Illuminate/Foundation/Http/Kernel.php(109): Illuminate\\Foundation\\Http\\Kernel->sendRequestThroughRouter(Object(Illuminate\\Http\\Request))
#54 /Users/sumonahmed/Herd/onemartbd/public/index.php(55): Illuminate\\Foundation\\Http\\Kernel->handle(Object(Illuminate\\Http\\Request))
#55 /Applications/Herd.app/Contents/Resources/valet/server.php(167): require('/Users/sumonahm...')
#56 {main}

[previous exception] [object] (PDOException(code: 42S02): SQLSTATE[42S02]: Base table or view not found: 1146 Table 'onemartbd.web_settings' doesn't exist at /Users/sumonahmed/Herd/onemartbd/vendor/laravel/framework/src/Illuminate/Database/Connection.php:331)
[stacktrace]
#0 /Users/sumonahmed/Herd/onemartbd/vendor/laravel/framework/src/Illuminate/Database/Connection.php(331): PDO->prepare('select * from `...')
#1 /Users/sumonahmed/Herd/onemartbd/vendor/laravel/framework/src/Illuminate/Database/Connection.php(664): Illuminate\\Database\\Connection->Illuminate\\Database\\{closure}('select * from `...', Array)
#2 /Users/sumonahmed/Herd/onemartbd/vendor/laravel/framework/src/Illuminate/Database/Connection.php(631): Illuminate\\Database\\Connection->runQueryCallback('select * from `...', Array, Object(Closure))
#3 /Users/sumonahmed/Herd/onemartbd/vendor/laravel/framework/src/Illuminate/Database/Connection.php(339): Illuminate\\Database\\Connection->run('select * from `...', Array, Object(Closure))
#4 /Users/sumonahmed/Herd/onemartbd/vendor/laravel/framework/src/Illuminate/Database/Query/Builder.php(2270): Illuminate\\Database\\Connection->select('select * from `...', Array, true)
#5 /Users/sumonahmed/Herd/onemartbd/vendor/laravel/framework/src/Illuminate/Database/Query/Builder.php(2258): Illuminate\\Database\\Query\\Builder->runSelect()
#6 /Users/sumonahmed/Herd/onemartbd/vendor/laravel/framework/src/Illuminate/Database/Query/Builder.php(2753): Illuminate\\Database\\Query\\Builder->Illuminate\\Database\\Query\\{closure}()
#7 /Users/sumonahmed/Herd/onemartbd/vendor/laravel/framework/src/Illuminate/Database/Query/Builder.php(2259): Illuminate\\Database\\Query\\Builder->onceWithColumns(Array, Object(Closure))
#8 /Users/sumonahmed/Herd/onemartbd/vendor/laravel/framework/src/Illuminate/Database/Eloquent/Builder.php(548): Illuminate\\Database\\Query\\Builder->get(Array)
#9 /Users/sumonahmed/Herd/onemartbd/vendor/laravel/framework/src/Illuminate/Database/Eloquent/Builder.php(532): Illuminate\\Database\\Eloquent\\Builder->getModels(Array)
#10 /Users/sumonahmed/Herd/onemartbd/vendor/laravel/framework/src/Illuminate/Database/Concerns/BuildsQueries.php(143): Illuminate\\Database\\Eloquent\\Builder->get(Array)
#11 /Users/sumonahmed/Herd/onemartbd/vendor/laravel/framework/src/Illuminate/Database/Eloquent/Builder.php(354): Illuminate\\Database\\Eloquent\\Builder->first(Array)
#12 /Users/sumonahmed/Herd/onemartbd/vendor/laravel/framework/src/Illuminate/Support/Traits/ForwardsCalls.php(23): Illuminate\\Database\\Eloquent\\Builder->find(1)
#13 /Users/sumonahmed/Herd/onemartbd/vendor/laravel/framework/src/Illuminate/Database/Eloquent/Model.php(1736): Illuminate\\Database\\Eloquent\\Model->forwardCallTo(Object(Illuminate\\Database\\Eloquent\\Builder), 'find', Array)
#14 /Users/sumonahmed/Herd/onemartbd/vendor/laravel/framework/src/Illuminate/Database/Eloquent/Model.php(1748): Illuminate\\Database\\Eloquent\\Model->__call('find', Array)
#15 /Users/sumonahmed/Herd/onemartbd/app/Http/Services/WhatsappServices.php(14): Illuminate\\Database\\Eloquent\\Model::__callStatic('find', Array)
#16 [internal function]: App\\Http\\Services\\WhatsappServices->__construct()
#17 /Users/sumonahmed/Herd/onemartbd/vendor/laravel/framework/src/Illuminate/Container/Container.php(849): ReflectionClass->newInstanceArgs(Array)
#18 /Users/sumonahmed/Herd/onemartbd/vendor/laravel/framework/src/Illuminate/Container/Container.php(691): Illuminate\\Container\\Container->build('App\\\\Http\\\\Servic...')
#19 /Users/sumonahmed/Herd/onemartbd/vendor/laravel/framework/src/Illuminate/Foundation/Application.php(798): Illuminate\\Container\\Container->resolve('App\\\\Http\\\\Servic...', Array, true)
#20 /Users/sumonahmed/Herd/onemartbd/vendor/laravel/framework/src/Illuminate/Container/Container.php(637): Illuminate\\Foundation\\Application->resolve('App\\\\Http\\\\Servic...', Array)
#21 /Users/sumonahmed/Herd/onemartbd/vendor/laravel/framework/src/Illuminate/Foundation/Application.php(783): Illuminate\\Container\\Container->make('App\\\\Http\\\\Servic...', Array)
#22 /Users/sumonahmed/Herd/onemartbd/vendor/laravel/framework/src/Illuminate/Container/Container.php(959): Illuminate\\Foundation\\Application->make('App\\\\Http\\\\Servic...')
#23 /Users/sumonahmed/Herd/onemartbd/vendor/laravel/framework/src/Illuminate/Container/Container.php(879): Illuminate\\Container\\Container->resolveClass(Object(ReflectionParameter))
#24 /Users/sumonahmed/Herd/onemartbd/vendor/laravel/framework/src/Illuminate/Container/Container.php(840): Illuminate\\Container\\Container->resolveDependencies(Array)
#25 /Users/sumonahmed/Herd/onemartbd/vendor/laravel/framework/src/Illuminate/Container/Container.php(691): Illuminate\\Container\\Container->build('App\\\\Http\\\\Contro...')
#26 /Users/sumonahmed/Herd/onemartbd/vendor/laravel/framework/src/Illuminate/Foundation/Application.php(798): Illuminate\\Container\\Container->resolve('App\\\\Http\\\\Contro...', Array, true)
#27 /Users/sumonahmed/Herd/onemartbd/vendor/laravel/framework/src/Illuminate/Container/Container.php(637): Illuminate\\Foundation\\Application->resolve('App\\\\Http\\\\Contro...', Array)
#28 /Users/sumonahmed/Herd/onemartbd/vendor/laravel/framework/src/Illuminate/Foundation/Application.php(783): Illuminate\\Container\\Container->make('App\\\\Http\\\\Contro...', Array)
#29 /Users/sumonahmed/Herd/onemartbd/vendor/laravel/framework/src/Illuminate/Routing/Route.php(253): Illuminate\\Foundation\\Application->make('App\\\\Http\\\\Contro...')
#30 /Users/sumonahmed/Herd/onemartbd/vendor/laravel/framework/src/Illuminate/Routing/Route.php(970): Illuminate\\Routing\\Route->getController()
#31 /Users/sumonahmed/Herd/onemartbd/vendor/laravel/framework/src/Illuminate/Routing/Route.php(931): Illuminate\\Routing\\Route->controllerMiddleware()
#32 /Users/sumonahmed/Herd/onemartbd/vendor/laravel/framework/src/Illuminate/Routing/Router.php(702): Illuminate\\Routing\\Route->gatherMiddleware()
#33 /Users/sumonahmed/Herd/onemartbd/vendor/laravel/framework/src/Illuminate/Routing/Router.php(678): Illuminate\\Routing\\Router->gatherRouteMiddleware(Object(Illuminate\\Routing\\Route))
#34 /Users/sumonahmed/Herd/onemartbd/vendor/laravel/framework/src/Illuminate/Routing/Router.php(662): Illuminate\\Routing\\Router->runRouteWithinStack(Object(Illuminate\\Routing\\Route), Object(Illuminate\\Http\\Request))
#35 /Users/sumonahmed/Herd/onemartbd/vendor/laravel/framework/src/Illuminate/Routing/Router.php(628): Illuminate\\Routing\\Router->runRoute(Object(Illuminate\\Http\\Request), Object(Illuminate\\Routing\\Route))
#36 /Users/sumonahmed/Herd/onemartbd/vendor/laravel/framework/src/Illuminate/Routing/Router.php(617): Illuminate\\Routing\\Router->dispatchToRoute(Object(Illuminate\\Http\\Request))
#37 /Users/sumonahmed/Herd/onemartbd/vendor/laravel/framework/src/Illuminate/Foundation/Http/Kernel.php(165): Illuminate\\Routing\\Router->dispatch(Object(Illuminate\\Http\\Request))
#38 /Users/sumonahmed/Herd/onemartbd/vendor/laravel/framework/src/Illuminate/Pipeline/Pipeline.php(128): Illuminate\\Foundation\\Http\\Kernel->Illuminate\\Foundation\\Http\\{closure}(Object(Illuminate\\Http\\Request))
#39 /Users/sumonahmed/Herd/onemartbd/vendor/barryvdh/laravel-debugbar/src/Middleware/InjectDebugbar.php(66): Illuminate\\Pipeline\\Pipeline->Illuminate\\Pipeline\\{closure}(Object(Illuminate\\Http\\Request))
#40 /Users/sumonahmed/Herd/onemartbd/vendor/laravel/framework/src/Illuminate/Pipeline/Pipeline.php(167): Barryvdh\\Debugbar\\Middleware\\InjectDebugbar->handle(Object(Illuminate\\Http\\Request), Object(Closure))
#41 /Users/sumonahmed/Herd/onemartbd/vendor/laravel/framework/src/Illuminate/Foundation/Http/Middleware/TransformsRequest.php(21): Illuminate\\Pipeline\\Pipeline->Illuminate\\Pipeline\\{closure}(Object(Illuminate\\Http\\Request))
#42 /Users/sumonahmed/Herd/onemartbd/vendor/laravel/framework/src/Illuminate/Pipeline/Pipeline.php(167): Illuminate\\Foundation\\Http\\Middleware\\TransformsRequest->handle(Object(Illuminate\\Http\\Request), Object(Closure))
#43 /Users/sumonahmed/Herd/onemartbd/vendor/laravel/framework/src/Illuminate/Foundation/Http/Middleware/TransformsRequest.php(21): Illuminate\\Pipeline\\Pipeline->Illuminate\\Pipeline\\{closure}(Object(Illuminate\\Http\\Request))
#44 /Users/sumonahmed/Herd/onemartbd/vendor/laravel/framework/src/Illuminate/Pipeline/Pipeline.php(167): Illuminate\\Foundation\\Http\\Middleware\\TransformsRequest->handle(Object(Illuminate\\Http\\Request), Object(Closure))
#45 /Users/sumonahmed/Herd/onemartbd/vendor/laravel/framework/src/Illuminate/Foundation/Http/Middleware/ValidatePostSize.php(27): Illuminate\\Pipeline\\Pipeline->Illuminate\\Pipeline\\{closure}(Object(Illuminate\\Http\\Request))
#46 /Users/sumonahmed/Herd/onemartbd/vendor/laravel/framework/src/Illuminate/Pipeline/Pipeline.php(167): Illuminate\\Foundation\\Http\\Middleware\\ValidatePostSize->handle(Object(Illuminate\\Http\\Request), Object(Closure))
#47 /Users/sumonahmed/Herd/onemartbd/vendor/laravel/framework/src/Illuminate/Foundation/Http/Middleware/CheckForMaintenanceMode.php(63): Illuminate\\Pipeline\\Pipeline->Illuminate\\Pipeline\\{closure}(Object(Illuminate\\Http\\Request))
#48 /Users/sumonahmed/Herd/onemartbd/vendor/laravel/framework/src/Illuminate/Pipeline/Pipeline.php(167): Illuminate\\Foundation\\Http\\Middleware\\CheckForMaintenanceMode->handle(Object(Illuminate\\Http\\Request), Object(Closure))
#49 /Users/sumonahmed/Herd/onemartbd/vendor/fruitcake/laravel-cors/src/HandleCors.php(37): Illuminate\\Pipeline\\Pipeline->Illuminate\\Pipeline\\{closure}(Object(Illuminate\\Http\\Request))
#50 /Users/sumonahmed/Herd/onemartbd/vendor/laravel/framework/src/Illuminate/Pipeline/Pipeline.php(167): Fruitcake\\Cors\\HandleCors->handle(Object(Illuminate\\Http\\Request), Object(Closure))
#51 /Users/sumonahmed/Herd/onemartbd/vendor/fideloper/proxy/src/TrustProxies.php(57): Illuminate\\Pipeline\\Pipeline->Illuminate\\Pipeline\\{closure}(Object(Illuminate\\Http\\Request))
#52 /Users/sumonahmed/Herd/onemartbd/vendor/laravel/framework/src/Illuminate/Pipeline/Pipeline.php(167): Fideloper\\Proxy\\TrustProxies->handle(Object(Illuminate\\Http\\Request), Object(Closure))
#53 /Users/sumonahmed/Herd/onemartbd/vendor/laravel/framework/src/Illuminate/Pipeline/Pipeline.php(103): Illuminate\\Pipeline\\Pipeline->Illuminate\\Pipeline\\{closure}(Object(Illuminate\\Http\\Request))
#54 /Users/sumonahmed/Herd/onemartbd/vendor/laravel/framework/src/Illuminate/Foundation/Http/Kernel.php(140): Illuminate\\Pipeline\\Pipeline->then(Object(Closure))
#55 /Users/sumonahmed/Herd/onemartbd/vendor/laravel/framework/src/Illuminate/Foundation/Http/Kernel.php(109): Illuminate\\Foundation\\Http\\Kernel->sendRequestThroughRouter(Object(Illuminate\\Http\\Request))
#56 /Users/sumonahmed/Herd/onemartbd/public/index.php(55): Illuminate\\Foundation\\Http\\Kernel->handle(Object(Illuminate\\Http\\Request))
#57 /Applications/Herd.app/Contents/Resources/valet/server.php(167): require('/Users/sumonahm...')
#58 {main}
"} 
